// Jest Snapshot v1, https://goo.gl/fbAQLP

exports[`renders correctly 1`] = `
<View
  style={
    Object {
      "flex": 1,
    }
  }
>
  <View
    style={
      Object {
        "backgroundColor": "skyblue",
        "flex": 1,
        "flexDirection": "row",
        "justifyContent": "space-between",
      }
    }
  >
    <Text
      style={
        Object {
          "fontSize": 20,
          "padding": 10,
        }
      }
    >
      Your Contacts
    </Text>
    <View
      style={Object {}}
    >
      <View
        accessibilityComponentType="button"
        accessibilityTraits={
          Array [
            "button",
          ]
        }
        accessible={true}
        isTVSelectable={true}
        onResponderGrant={[Function]}
        onResponderMove={[Function]}
        onResponderRelease={[Function]}
        onResponderTerminate={[Function]}
        onResponderTerminationRequest={[Function]}
        onStartShouldSetResponder={[Function]}
        style={
          Object {
            "opacity": 1,
          }
        }
      >
        <View
          style={
            Array [
              Object {},
            ]
          }
        >
          <Text
            style={
              Array [
                Object {
                  "color": "#007AFF",
                  "fontSize": 18,
                  "padding": 8,
                  "textAlign": "center",
                },
              ]
            }
          >
            Add
          </Text>
        </View>
      </View>
    </View>
  </View>
  <View
    style={
      Object {
        "backgroundColor": "powderblue",
        "flex": 11,
      }
    }
  >
    <RCTScrollView>
      <View>
        <View
          style={
            Array [
              Object {
                "backgroundColor": "#ffffff",
                "borderColor": "#bbb",
                "borderTopWidth": 1,
                "marginTop": 20,
              },
              Object {
                "borderBottomWidth": 0,
                "borderTopWidth": 0,
              },
            ]
          }
        >
          <RCTScrollView
            ItemSeparatorComponent={[Function]}
            data={Array []}
            disableVirtualization={false}
            getItem={[Function]}
            getItemCount={[Function]}
            horizontal={false}
            initialNumToRender={10}
            keyExtractor={[Function]}
            maxToRenderPerBatch={10}
            numColumns={1}
            onContentSizeChange={[Function]}
            onEndReachedThreshold={2}
            onLayout={[Function]}
            onMomentumScrollEnd={[Function]}
            onScroll={[Function]}
            onScrollBeginDrag={[Function]}
            onScrollEndDrag={[Function]}
            renderItem={[Function]}
            scrollEventThrottle={50}
            stickyHeaderIndices={Array []}
            updateCellsBatchingPeriod={50}
            viewabilityConfigCallbackPairs={Array []}
            windowSize={21}
          >
            <View />
          </RCTScrollView>
        </View>
      </View>
    </RCTScrollView>
  </View>
</View>
`;
